#-----------------------------------------------------------
# Vivado v2015.4.2 (64-bit)
# SW Build 1494164 on Fri Feb 26 04:18:56 MST 2016
# IP Build 1491208 on Wed Feb 24 03:25:39 MST 2016
# Start of session at: Thu Apr 28 08:24:47 2016
# Process ID: 4180
# Current directory: C:/Uni_SDU/1. Semester Project - Gokart/Xilinx/small_motor2
# Command line: vivado.exe -gui_launcher_event rodinguilauncherevent5748 C:\Uni_SDU\1. Semester Project - Gokart\Xilinx\small_motor2\small_motor2.xpr
# Log file: C:/Uni_SDU/1. Semester Project - Gokart/Xilinx/small_motor2/vivado.log
# Journal file: C:/Uni_SDU/1. Semester Project - Gokart/Xilinx/small_motor2\vivado.jou
#-----------------------------------------------------------
start_gui
open_project {C:/Uni_SDU/1. Semester Project - Gokart/Xilinx/small_motor2/small_motor2.xpr}
open_bd_design {C:/Uni_SDU/1. Semester Project - Gokart/Xilinx/small_motor2/small_motor2.srcs/sources_1/bd/design_1/design_1.bd}
validate_bd_design
synth_design -rtl -name rtl_1
open_bd_design {C:/Uni_SDU/1. Semester Project - Gokart/Xilinx/small_motor2/small_motor2.srcs/sources_1/bd/design_1/design_1.bd}
launch_sdk -workspace {C:/Uni_SDU/1. Semester Project - Gokart/Xilinx/small_motor2/small_motor2.sdk} -hwspec {C:/Uni_SDU/1. Semester Project - Gokart/Xilinx/small_motor2/small_motor2.sdk/design_1_wrapper.hdf}
reset_run synth_1
launch_runs impl_1 -to_step write_bitstream
wait_on_run impl_1
